{"fields.level":"debug","level":"info","msg":"Logging configured","time":"2025-08-15T22:03:05.047+02:00"}
{"component":"connection_pool","conn_max_idle":600000000000,"conn_max_lifetime":0,"level":"info","max_idle_conns":2,"max_open_conns":3,"msg":"Configured connection pool","time":"2025-08-15T22:03:05.047+02:00"}
{"component":"connection_pool","level":"info","msg":"Starting connection pool health checks","time":"2025-08-15T22:03:05.047+02:00"}
{"level":"info","msg":"SQLite storage initialized with normalized schema and connection pooling","path":"data/pandafuzz.db","time":"2025-08-15T22:03:05.048+02:00"}
{"level":"info","msg":"Connected to SQLite database","path":"data/pandafuzz.db","time":"2025-08-15T22:03:05.048+02:00"}
{"backend":"filesystem","base_path":"./storage/corpus","buckets":["corpus","quarantine","backup"],"level":"info","msg":"Initialized filesystem storage backend","time":"2025-08-15T22:03:05.048+02:00"}
{"level":"warning","msg":"Storage not available in state provider, corpus service will be limited","time":"2025-08-15T22:03:05.048+02:00"}
{"level":"info","msg":"Performing system recovery","time":"2025-08-15T22:03:05.048+02:00"}
{"level":"info","msg":"Starting system recovery on startup","time":"2025-08-15T22:03:05.048+02:00"}
{"level":"info","msg":"Loading persisted state from database","time":"2025-08-15T22:03:05.048+02:00"}
{"level":"info","msg":"Loading persisted state from database","time":"2025-08-15T22:03:05.048+02:00"}
{"db_type":"*storage.SQLiteStorage","level":"info","msg":"Checking db type for job loading","time":"2025-08-15T22:03:05.048+02:00"}
{"level":"info","msg":"Loading jobs from SQLiteStorage jobs table","time":"2025-08-15T22:03:05.048+02:00"}
{"bots_loaded":0,"jobs_loaded":0,"level":"info","msg":"Persisted state loaded from advanced database","time":"2025-08-15T22:03:05.048+02:00"}
{"level":"info","msg":"Recovering campaigns","time":"2025-08-15T22:03:05.048+02:00"}
{"level":"debug","msg":"No campaign manager configured, skipping campaign recovery","time":"2025-08-15T22:03:05.048+02:00"}
{"level":"info","msg":"Recovering orphaned jobs","time":"2025-08-15T22:03:05.048+02:00"}
{"level":"debug","msg":"No orphaned jobs found","time":"2025-08-15T22:03:05.048+02:00"}
{"level":"info","msg":"Resetting timed-out bots","time":"2025-08-15T22:03:05.048+02:00"}
{"level":"debug","msg":"No timed-out bots found","time":"2025-08-15T22:03:05.048+02:00"}
{"level":"info","msg":"Resuming pending jobs","time":"2025-08-15T22:03:05.048+02:00"}
{"level":"info","msg":"Cleaning up stale data","time":"2025-08-15T22:03:05.048+02:00"}
{"level":"debug","msg":"Starting stale data cleanup","time":"2025-08-15T22:03:05.048+02:00"}
{"level":"info","msg":"Validating system state","time":"2025-08-15T22:03:05.048+02:00"}
{"level":"debug","msg":"Validating system state","time":"2025-08-15T22:03:05.048+02:00"}
{"assigned_jobs":0,"busy_bots":0,"level":"info","msg":"System state validation completed","time":"2025-08-15T22:03:05.048+02:00","total_bots":0,"total_jobs":0}
{"duration":76546,"level":"info","msg":"System recovery completed successfully","time":"2025-08-15T22:03:05.048+02:00"}
{"level":"info","msg":"Initializing storage backend","time":"2025-08-15T22:03:05.048+02:00"}
{"level":"info","msg":"Initializing storage backend","time":"2025-08-15T22:03:05.048+02:00"}
{"backend":"filesystem","base_path":"./storage/corpus","buckets":["corpus","quarantine","backup"],"level":"info","msg":"Initialized filesystem storage backend","time":"2025-08-15T22:03:05.048+02:00"}
{"backend":"filesystem","level":"debug","msg":"Starting filesystem health check","time":"2025-08-15T22:03:05.048+02:00"}
{"backend":"filesystem","duration":0.000053242,"level":"info","msg":"Filesystem health check passed","time":"2025-08-15T22:03:05.048+02:00"}
{"level":"info","msg":"Storage backend initialized successfully","time":"2025-08-15T22:03:05.048+02:00","type":"filesystem"}
{"level":"info","msg":"Service manager already initialized, skipping creation","time":"2025-08-15T22:03:05.048+02:00"}
{"level":"info","msg":"API v1 routes configured","time":"2025-08-15T22:03:05.049+02:00"}
{"level":"info","msg":"API v2 routes configured","time":"2025-08-15T22:03:05.050+02:00"}
{"level":"info","msg":"Setting up API v3 routes","time":"2025-08-15T22:03:05.050+02:00"}
{"component":"sqlite_connection","file_path":"data/pandafuzz.db","level":"info","msg":"Database connection established","time":"2025-08-15T22:03:05.050+02:00"}
{"level":"info","msg":"Creating coverage repository v1 adapter","time":"2025-08-15T22:03:05.050+02:00"}
{"level":"info","msg":"Coverage repository v1 adapter created successfully","time":"2025-08-15T22:03:05.050+02:00"}
{"level":"info","msg":"API v3 routes registered successfully","time":"2025-08-15T22:03:05.051+02:00"}
{"dir":"./web/static","level":"info","msg":"Static file serving configured for web UI","time":"2025-08-15T22:03:05.051+02:00"}
{"level":"info","msg":"HTTP router configured with all routes","time":"2025-08-15T22:03:05.051+02:00"}
{"level":"info","msg":"Starting timeout monitor","time":"2025-08-15T22:03:05.051+02:00"}
{"level":"info","msg":"Starting timeout manager","time":"2025-08-15T22:03:05.051+02:00"}
{"level":"debug","msg":"Initializing timeouts from persistent state","time":"2025-08-15T22:03:05.052+02:00"}
{"bot_timeouts":0,"job_timeouts":0,"level":"debug","msg":"Timeouts initialized","time":"2025-08-15T22:03:05.052+02:00"}
{"level":"info","msg":"Timeout manager started successfully","time":"2025-08-15T22:03:05.052+02:00"}
{"level":"info","msg":"Starting maintenance scheduler","time":"2025-08-15T22:03:05.052+02:00"}
{"level":"info","metrics":true,"metrics_port":9090,"msg":"Starting PandaFuzz Master","port":8080,"time":"2025-08-15T22:03:05.052+02:00","version":"dev"}
{"error":"listen tcp :8080: bind: address already in use","level":"fatal","msg":"Server failed to start","time":"2025-08-15T22:03:05.052+02:00"}
